@file:Suppress(
  "RedundantVisibilityModifier",
  "RedundantUnitReturnType",
  "FunctionName",
  "PropertyName",
  "ObjectPropertyName",
  "MemberVisibilityCanBePrivate",
  "ConstantConditionIf",
  "CanBeParameter",
  "unused",
  "RemoveExplicitTypeArguments",
)

package io.github.ermadmi78.kobby.testcases.multifile.kobby.kotlin.entity

import io.github.ermadmi78.kobby.testcases.multifile.kobby.kotlin.GraphqlContext
import io.github.ermadmi78.kobby.testcases.multifile.kobby.kotlin.GraphqlDSL
import io.github.ermadmi78.kobby.testcases.multifile.kobby.kotlin.GraphqlSubscriber
import kotlin.Long
import kotlin.String
import kotlin.Suppress
import kotlin.Unit

public interface MyEvent : GraphqlContext {
  public val id: Long

  public val name: String?

  public override suspend fun query(__projection: MyQueryProjection.() -> Unit): MyQuery

  public override suspend fun mutation(__projection: MyMutationProjection.() -> Unit): MyMutation

  public override fun subscription(__projection: MySubscriptionProjection.() -> Unit):
      GraphqlSubscriber<MySubscription>

  public fun MyEventProjection.__withCurrentProjection(): Unit
}

@GraphqlDSL
public interface MyEventProjection {
  public fun id(): Unit

  public fun name(): Unit

  public fun __minimize(): Unit {
  }
}
