@file:Suppress(
  "RedundantVisibilityModifier",
  "RedundantUnitReturnType",
  "FunctionName",
  "PropertyName",
  "ObjectPropertyName",
  "MemberVisibilityCanBePrivate",
  "ConstantConditionIf",
  "CanBeParameter",
  "unused",
  "RemoveExplicitTypeArguments",
  "RedundantSuppression",
  "KotlinRedundantDiagnosticSuppress",
)

package io.github.ermadmi78.kobby.testcases.multifile.kobby.kotlin.entity

import io.github.ermadmi78.kobby.testcases.multifile.kobby.kotlin.GraphqlContext
import io.github.ermadmi78.kobby.testcases.multifile.kobby.kotlin.GraphqlDSL
import io.github.ermadmi78.kobby.testcases.multifile.kobby.kotlin.GraphqlSubscriber
import io.github.ermadmi78.kobby.testcases.multifile.kobby.kotlin.dto.MyInput
import kotlin.Boolean
import kotlin.Suppress
import kotlin.Unit

public interface MyMutation : GraphqlContext {
  public val insert: Boolean

  public override suspend fun query(__projection: MyQueryProjection.() -> Unit): MyQuery

  public override suspend fun mutation(__projection: MyMutationProjection.() -> Unit): MyMutation

  public override fun subscription(__projection: MySubscriptionProjection.() -> Unit):
      GraphqlSubscriber<MySubscription>

  public fun MyMutationProjection.__withCurrentProjection(): Unit
}

@GraphqlDSL
public interface MyMutationProjection {
  public fun insert(`data`: MyInput): Unit

  public fun __minimize(): Unit {
  }
}
