@file:Suppress(
  "RedundantVisibilityModifier",
  "RedundantUnitReturnType",
  "FunctionName",
  "PropertyName",
  "ObjectPropertyName",
  "MemberVisibilityCanBePrivate",
  "ConstantConditionIf",
  "CanBeParameter",
  "unused",
  "RemoveExplicitTypeArguments",
)

package io.github.ermadmi78.kobby.testcases.context_inheritance_and_fun.kobby.kotlin.dto.graphql

import kotlin.Int
import kotlin.String
import kotlin.Suppress

public data class ContextInheritanceAndFunErrorSourceLocation(
  public val line: Int,
  public val column: Int,
  public val sourceName: String? = null,
)
