@file:Suppress(
  "RedundantVisibilityModifier",
  "RedundantUnitReturnType",
  "FunctionName",
  "PropertyName",
  "ObjectPropertyName",
  "MemberVisibilityCanBePrivate",
  "ConstantConditionIf",
  "CanBeParameter",
  "unused",
  "RemoveExplicitTypeArguments",
  "RedundantSuppression",
  "KotlinRedundantDiagnosticSuppress",
)

package io.github.ermadmi78.kobby.testcases.context_inheritance_only.kobby.kotlin.dto

import io.github.ermadmi78.kobby.testcases.context_inheritance_only.kobby.kotlin.ContextInheritanceOnlyDSL
import kotlin.String
import kotlin.Suppress
import kotlin.Unit
import kotlin.also
import kotlin.apply
import kotlin.let

public data class TagDto(
  public val `value`: String? = null,
)

public fun TagDto(block: TagDtoBuilder.() -> Unit): TagDto {
  // TagDto builder DSL
  return TagDtoBuilder().apply(block).let {
    TagDto(
          it.`value`
        )
  }
}

public fun TagDto.copy(block: TagDtoBuilder.() -> Unit): TagDto {
  // TagDto copy DSL
  return TagDtoBuilder().also {
    it.`value` = this.`value`
  }
  .apply(block).let {
    TagDto(
          it.`value`
        )
  }
}

@ContextInheritanceOnlyDSL
public class TagDtoBuilder {
  public var `value`: String? = null
}
