@file:Suppress(
  "RedundantVisibilityModifier",
  "RedundantUnitReturnType",
  "FunctionName",
  "PropertyName",
  "ObjectPropertyName",
  "MemberVisibilityCanBePrivate",
  "ConstantConditionIf",
  "CanBeParameter",
  "unused",
  "RemoveExplicitTypeArguments",
  "RedundantSuppression",
  "KotlinRedundantDiagnosticSuppress",
)

package io.github.ermadmi78.kobby.testcases.context_fun_only.kobby.kotlin.dto.graphql

import io.github.ermadmi78.kobby.testcases.context_fun_only.kobby.kotlin.dto.MutationDto
import kotlin.Suppress
import kotlin.collections.List

public data class ContextFunOnlyMutationResult(
  public val `data`: MutationDto? = null,
  public val errors: List<ContextFunOnlyError>? = null,
)
