@file:Suppress(
  "RedundantVisibilityModifier",
  "RedundantUnitReturnType",
  "FunctionName",
  "PropertyName",
  "ObjectPropertyName",
  "MemberVisibilityCanBePrivate",
  "ConstantConditionIf",
  "CanBeParameter",
  "unused",
  "RemoveExplicitTypeArguments",
)

package io.github.ermadmi78.kobby.testcases.context_fun_only.kobby.kotlin.dto.graphql

import kotlin.RuntimeException
import kotlin.String
import kotlin.Suppress
import kotlin.collections.List
import kotlin.collections.joinToString

public class ContextFunOnlyException(
  message: String,
  public val request: ContextFunOnlyRequest,
  public val errors: List<ContextFunOnlyError>? = null,
) : RuntimeException(message + (errors?.joinToString(",\n  ", "\n  ", "\n") { it.toString() } ?:
    ""))
