@file:Suppress(
  "RedundantVisibilityModifier",
  "RedundantUnitReturnType",
  "FunctionName",
  "PropertyName",
  "ObjectPropertyName",
  "MemberVisibilityCanBePrivate",
  "ConstantConditionIf",
  "CanBeParameter",
  "unused",
  "RemoveExplicitTypeArguments",
  "RedundantSuppression",
  "KotlinRedundantDiagnosticSuppress",
)

package io.github.ermadmi78.kobby.testcases.schema_exclude.kobby.kotlin.entity

import io.github.ermadmi78.kobby.testcases.schema_exclude.kobby.kotlin.GraphqlContext
import io.github.ermadmi78.kobby.testcases.schema_exclude.kobby.kotlin.GraphqlDSL
import kotlin.Long
import kotlin.String
import kotlin.Suppress
import kotlin.Unit

public interface Country {
  public val id: Long

  public val name: String

  public fun __context(): GraphqlContext

  public fun CountryProjection.__withCurrentProjection(): Unit
}

@GraphqlDSL
public interface CountryProjection {
  public fun id(): Unit

  public fun name(): Unit

  public fun __minimize(): Unit {
  }
}
