@file:Suppress(
  "RedundantVisibilityModifier",
  "RedundantUnitReturnType",
  "FunctionName",
  "PropertyName",
  "ObjectPropertyName",
  "MemberVisibilityCanBePrivate",
  "ConstantConditionIf",
  "CanBeParameter",
  "unused",
  "RemoveExplicitTypeArguments",
  "RedundantSuppression",
  "KotlinRedundantDiagnosticSuppress",
)

package io.github.ermadmi78.kobby.testcases.multioverride.kobby.kotlin.entity

import io.github.ermadmi78.kobby.testcases.multioverride.kobby.kotlin.MultiOverrideContext
import io.github.ermadmi78.kobby.testcases.multioverride.kobby.kotlin.MultiOverrideDSL
import io.github.ermadmi78.kobby.testcases.multioverride.kobby.kotlin.MultiOverrideSubscriber
import kotlin.Int
import kotlin.String
import kotlin.Suppress
import kotlin.Unit

public interface InterfaceMultiOverride : MultiOverrideContext, InterfaceBase1, InterfaceBase2 {
  public override val noOverride1: String

  public override val noOverride2: String

  public override val interfaceMultiOverride: String

  public override suspend fun query(__projection: QueryProjection.() -> Unit): Query

  public override suspend fun mutation(__projection: MutationProjection.() -> Unit): Mutation

  public override fun subscription(__projection: SubscriptionProjection.() -> Unit):
      MultiOverrideSubscriber<Subscription>
}

@MultiOverrideDSL
public interface InterfaceMultiOverrideProjection : InterfaceBase1Projection,
    InterfaceBase2Projection {
  public override fun noOverride1(size: Int?): Unit

  public override fun noOverride2(size: Int?): Unit

  public override fun interfaceMultiOverride(size: Int?): Unit

  public override fun __minimize(): Unit {
  }
}

@MultiOverrideDSL
public interface InterfaceMultiOverrideQualification {
  public
      fun __onInterfaceMultiOverrideImplementation(__projection: InterfaceMultiOverrideImplementationProjection.() -> Unit):
      Unit
}

@MultiOverrideDSL
public interface InterfaceMultiOverrideQualifiedProjection : InterfaceMultiOverrideProjection,
    InterfaceMultiOverrideQualification
