@file:Suppress(
  "RedundantVisibilityModifier",
  "RedundantUnitReturnType",
  "FunctionName",
  "PropertyName",
  "ObjectPropertyName",
  "MemberVisibilityCanBePrivate",
  "ConstantConditionIf",
  "CanBeParameter",
  "unused",
  "RemoveExplicitTypeArguments",
  "RedundantSuppression",
  "KotlinRedundantDiagnosticSuppress",
)

package io.github.ermadmi78.kobby.testcases.multioverride.kobby.kotlin.entity

import io.github.ermadmi78.kobby.testcases.multioverride.kobby.kotlin.MultiOverrideContext
import io.github.ermadmi78.kobby.testcases.multioverride.kobby.kotlin.MultiOverrideDSL
import kotlin.Int
import kotlin.String
import kotlin.Suppress
import kotlin.Unit

public interface TypeBase2 {
  public val noOverride2: String

  public val typeMultiOverride: String

  public fun __context(): MultiOverrideContext
}

@MultiOverrideDSL
public interface TypeBase2Projection {
  public fun noOverride2(size: Int? = null): Unit

  public fun typeMultiOverride(size: Int?): Unit

  public fun __minimize(): Unit {
  }
}

@MultiOverrideDSL
public interface TypeBase2Qualification {
  public fun __onTypeMultiOverride(__projection: TypeMultiOverrideProjection.() -> Unit): Unit
}

@MultiOverrideDSL
public interface TypeBase2QualifiedProjection : TypeBase2Projection, TypeBase2Qualification
