@file:Suppress(
  "RedundantVisibilityModifier",
  "RedundantUnitReturnType",
  "FunctionName",
  "PropertyName",
  "ObjectPropertyName",
  "MemberVisibilityCanBePrivate",
  "ConstantConditionIf",
  "CanBeParameter",
  "unused",
  "RemoveExplicitTypeArguments",
  "RedundantSuppression",
  "KotlinRedundantDiagnosticSuppress",
)

package io.github.ermadmi78.kobby.testcases.schema_exclude.kobby.kotlin.dto

import io.github.ermadmi78.kobby.testcases.schema_exclude.kobby.kotlin.GraphqlDSL
import kotlin.Suppress
import kotlin.Unit
import kotlin.also
import kotlin.apply
import kotlin.let

public data class SubscriptionDto(
  public val countryCreated: CountryDto? = null,
)

public fun SubscriptionDto(block: SubscriptionDtoBuilder.() -> Unit): SubscriptionDto {
  // SubscriptionDto builder DSL
  return SubscriptionDtoBuilder().apply(block).let {
    SubscriptionDto(
          it.countryCreated
        )
  }
}

public fun SubscriptionDto.copy(block: SubscriptionDtoBuilder.() -> Unit): SubscriptionDto {
  // SubscriptionDto copy DSL
  return SubscriptionDtoBuilder().also {
    it.countryCreated = this.countryCreated
  }
  .apply(block).let {
    SubscriptionDto(
          it.countryCreated
        )
  }
}

@GraphqlDSL
public class SubscriptionDtoBuilder {
  public var countryCreated: CountryDto? = null
}
