@file:Suppress(
  "RedundantVisibilityModifier",
  "RedundantUnitReturnType",
  "FunctionName",
  "PropertyName",
  "ObjectPropertyName",
  "MemberVisibilityCanBePrivate",
  "ConstantConditionIf",
  "CanBeParameter",
  "unused",
  "RemoveExplicitTypeArguments"
)

package io.github.ermadmi78.kobby.testcases.escape.kobby.kotlin.dto.graphql

import com.fasterxml.jackson.`annotation`.JsonCreator
import com.fasterxml.jackson.`annotation`.JsonInclude
import kotlin.Suppress
import kotlin.collections.List

public data class EscapeErrorResult @JsonCreator constructor(
  @JsonInclude(value = JsonInclude.Include.NON_EMPTY)
  public val errors: List<EscapeError>? = null
)
