@file:Suppress(
  "RedundantVisibilityModifier",
  "RedundantUnitReturnType",
  "FunctionName",
  "PropertyName",
  "ObjectPropertyName",
  "MemberVisibilityCanBePrivate",
  "ConstantConditionIf",
  "CanBeParameter",
  "unused",
  "RemoveExplicitTypeArguments"
)

package io.github.ermadmi78.kobby.testcases.invalid_field_is_requred.kobby.kotlin.dto.graphql

import kotlin.Any
import kotlin.String
import kotlin.Suppress
import kotlin.collections.Map

public data class InvalidFieldIsRequredRequest(
  public val query: String,
  public val variables: Map<String, Any?>? = null,
  public val operationName: String? = null
)
