@file:Suppress(
  "RedundantVisibilityModifier",
  "RedundantUnitReturnType",
  "FunctionName",
  "PropertyName",
  "ObjectPropertyName",
  "MemberVisibilityCanBePrivate",
  "ConstantConditionIf",
  "CanBeParameter",
  "unused",
  "RemoveExplicitTypeArguments",
)

package io.github.ermadmi78.kobby.testcases.schema_include.kobby.kotlin.dto.graphql

import kotlin.Suppress

public enum class QueryErrorType {
  InvalidSyntax,
  ValidationError,
  DataFetchingException,
  OperationNotSupported,
  ExecutionAborted,
}
