@file:Suppress(
  "RedundantVisibilityModifier",
  "RedundantUnitReturnType",
  "FunctionName",
  "PropertyName",
  "ObjectPropertyName",
  "MemberVisibilityCanBePrivate",
  "ConstantConditionIf",
  "CanBeParameter",
  "unused",
  "RemoveExplicitTypeArguments"
)

package io.github.ermadmi78.kobby.testcases.schema_include.kobby.kotlin.dto.graphql

import io.github.ermadmi78.kobby.testcases.schema_include.kobby.kotlin.dto.QueryDto
import kotlin.Suppress
import kotlin.collections.List

public data class QueryQueryResult(
  public val `data`: QueryDto? = null,
  public val errors: List<QueryError>? = null
)
