@file:Suppress(
  "RedundantVisibilityModifier",
  "RedundantUnitReturnType",
  "FunctionName",
  "PropertyName",
  "ObjectPropertyName",
  "MemberVisibilityCanBePrivate",
  "ConstantConditionIf",
  "CanBeParameter",
  "unused",
  "RemoveExplicitTypeArguments"
)

package io.github.ermadmi78.kobby.testcases.disable_builder.kobby.kotlin.dto

import com.fasterxml.jackson.`annotation`.JsonCreator
import com.fasterxml.jackson.`annotation`.JsonInclude
import com.fasterxml.jackson.`annotation`.JsonTypeInfo
import com.fasterxml.jackson.`annotation`.JsonTypeName
import kotlin.Suppress
import kotlin.collections.List

@JsonTypeName(value = "Query")
@JsonTypeInfo(
  use = JsonTypeInfo.Id.NAME,
  include = JsonTypeInfo.As.PROPERTY,
  property = "__typename",
  defaultImpl = QueryDto::class
)
@JsonInclude(value = JsonInclude.Include.NON_ABSENT)
public data class QueryDto @JsonCreator constructor(
  public val countries: List<CountryDto>? = null
)
