@file:Suppress(
  "RedundantVisibilityModifier",
  "RedundantUnitReturnType",
  "FunctionName",
  "PropertyName",
  "ObjectPropertyName",
  "MemberVisibilityCanBePrivate",
  "ConstantConditionIf",
  "CanBeParameter",
  "unused",
  "RemoveExplicitTypeArguments"
)

package io.github.ermadmi78.kobby.testcases.multifile.kobby.kotlin.dto.graphql

import com.fasterxml.jackson.`annotation`.JsonInclude
import kotlin.Int
import kotlin.String
import kotlin.Suppress

public data class GraphqlErrorSourceLocation(
  public val line: Int,
  public val column: Int,
  @JsonInclude(value = JsonInclude.Include.NON_ABSENT)
  public val sourceName: String? = null
)
