@file:Suppress(
  "RedundantVisibilityModifier",
  "RedundantUnitReturnType",
  "FunctionName",
  "PropertyName",
  "ObjectPropertyName",
  "MemberVisibilityCanBePrivate",
  "ConstantConditionIf",
  "CanBeParameter",
  "unused",
  "RemoveExplicitTypeArguments"
)

package my.root.dto1.gr_ql

import kotlin.Suppress

public enum class GPrefErrorTypeGPost {
  InvalidSyntax,
  ValidationError,
  DataFetchingException,
  OperationNotSupported,
  ExecutionAborted,
}
